Símbolo         Valor Decimal   Valor Hexadecimal
-------         -------------   -----------------
_INICIO                   256                 100
_AVR                    32768                8000
_ARI                    33024                8100
_ATI                    33792                8400
_APR                    65408                FF80
_IOAREA16               65408                FF80
_IOAREA08               65472                FFC0
IVET                    65470                FFBE
TIMDT                   65495                FFD7
INTS                    65496                FFD8
INTE                    65497                FFD9
TECST                   65498                FFDA
TECDT                   65499                FFDB
VISOR                   65500                FFDC
_ROTINAS                  128                  80
SET_TIME                    0                   0
GET_TIME                    1                   1
HORA                    32768                8000
MINUTO                  32770                8002
SEGUNDO                 32772                8004
TECLA                   32774                8006
DESLOC                    256                 100
LOOP                      442                 1BA
TEMTECLA                  452                 1C4
TRATABACKSPACE            468                 1D4
EHBACKSPACE               478                 1DE
TRATAENTER                496                 1F0
ERRONAHORA                538                 21A
TESTAMINUTOS              542                 21E
ERRONOMINUTO              578                 242
INPUTCURTO                582                 246
ERROHORARIO               796                 31C
ERROMINUTO               1010                 3F2
RESET                    1220                 4C4
LOOPRESET                1226                 4CA
ALGOUTIL                 1236                 4D4
RESETA                   1252                 4E4
TESTANUMERO              1262                 4EE
FIMTECLA                 1296                 510
INPUTCERTO               1306                 51A
COUNT                    1312                 520
JUNTADIGITOS             1355                 54B
MULT_5                   1375                 55F
SOMALSB                  1387                 56B
