Símbolo         Valor Decimal   Valor Hexadecimal
-------         -------------   -----------------
_INICIO                   256                 100
_AVR                    32768                8000
_ARI                    33024                8100
_ATI                    33792                8400
_APR                    65408                FF80
_IOAREA16               65408                FF80
_IOAREA08               65472                FFC0
IVET                    65470                FFBE
TIMDT                   65495                FFD7
INTS                    65496                FFD8
INTE                    65497                FFD9
TECST                   65498                FFDA
TECDT                   65499                FFDB
VISOR                   65500                FFDC
_ROTINAS                  128                  80
SET_TIME                    0                   0
GET_TIME                    1                   1
HORA                    32768                8000
MINUTO                  32770                8002
SEGUNDO                 32772                8004
TECLA                   32774                8006
DESLOC                    256                 100
LOOP                      441                 1B9
TEMTECLA                  451                 1C3
TRATABACKSPACE            467                 1D3
EHBACKSPACE               479                 1DF
TRATAENTER                499                 1F3
SEMERROHORARIO            519                 207
SEMERROHORARIO2           531                 213
SEMERROMINUTO             543                 21F
SEMERROMINUTO2            555                 22B
INPUTCURTO                559                 22F
ERROHORARIO               739                 2E3
ERROMINUTO                923                 39B
LOOPRESET                1103                 44F
RESETA                   1117                 45D
TESTANUMERO              1121                 461
FIMTECLA                 1159                 487
INPUTCERTO               1169                 491
