Símbolo         Valor Decimal   Valor Hexadecimal
-------         -------------   -----------------
_APP                        0                   0
_ROTINAS                  128                  80
_INICIO                   256                 100
_AVR                    32768                8000
_ARI                    33024                8100
_ATI                    33792                8400
_APR                    65408                FF80
_IOAREA16               65408                FF80
_IOAREA08               65472                FFC0
IVET                    65470                FFBE
TIMDT                   65495                FFD7
INTS                    65496                FFD8
INTE                    65497                FFD9
TECST                   65498                FFDA
TECDT                   65499                FFDB
VISOR                   65500                FFDC
_SET_TIME                 141                  8D
_GET_TIME                 166                  A6
_RESET                  33024                8100
MILISEC                 33024                8100
CD_LOOP                 33076                8134
HORA                    32768                8000
MINUTO                  32770                8002
SEGUNDO                 32772                8004
TECLA                   32774                8006
_ISR                    33792                8400
TEST_TEC                33824                8420
FIM_INT                 33844                8434
ISRTIM                  33857                8441
SALVA_VARS              33895                8467
FINAL_TIM               33899                846B
ISRTEC                  33900                846C
TEMTECLA                33909                8475
LETECLADO               33919                847F
FINAL_TEC               33925                8485
